// Jest Snapshot v1, https://goo.gl/fbAQLP

exports[`jsonToForm() 1`] = `"x=1&y=2"`;
